12:37:43 **** Incremental Build of configuration Debug for project button ****
make -j8 all 
arm-none-eabi-gcc "../Core/Src/main.c" -mcpu=cortex-m3 -std=gnu11 -g3 -DDEBUG -DUSE_HAL_DRIVER -DSTM32F103x6 -c -I../Core/Inc -I../Drivers/STM32F1xx_HAL_Driver/Inc -I../Drivers/STM32F1xx_HAL_Driver/Inc/Legacy -I../Drivers/CMSIS/Device/ST/STM32F1xx/Include -I../Drivers/CMSIS/Include -O0 -ffunction-sections -fdata-sections -Wall -fstack-usage -MMD -MP -MF"Core/Src/main.d" -MT"Core/Src/main.o" --specs=nano.specs -mfloat-abi=soft -mthumb -o "Core/Src/main.o"
../Core/Src/main.c: In function 'main':
../Core/Src/main.c:97:54: warning: comparison between 'GPIO_PinState' {aka 'enum <anonymous>'} and 'enum <anonymous>' [-Wenum-compare]
   97 |    if(HAL_GPIO_ReadPin(Button_GPIO_Port, Button_Pin) == RESET){
      |                                                      ^~
arm-none-eabi-gcc -o "button.elf" @"objects.list"   -mcpu=cortex-m3 -T"C:\MCU\for button\STM\button\STM32F103C6UX_FLASH.ld" --specs=nosys.specs -Wl,-Map="button.map" -Wl,--gc-sections -static --specs=nano.specs -mfloat-abi=soft -mthumb -Wl,--start-group -lc -lm -Wl,--end-group
Finished building target: button.elf
 
arm-none-eabi-size   button.elf 
arm-none-eabi-objdump -h -S  button.elf  > "button.list"
arm-none-eabi-objcopy  -O ihex  button.elf  "button.hex"
arm-none-eabi-objcopy  -O binary  button.elf  "button.bin"
   text	   data	    bss	    dec	    hex	filename
   4604	     20	   1572	   6196	   1834	button.elf
Finished building: default.size.stdout
 
Finished building: button.hex
Finished building: button.bin
 
 
Finished building: button.list
 

12:37:44 Build Finished. 0 errors, 1 warnings. (took 893ms)

